.................==.....=......====...=.......=...====...=..........................................................................................................................................................................................................................................................
................=..=....=......=.......=.....=....=......=.................................................................................................................................................................................................................................................
..................=.....=......==.......=...=.....==.....=........................................................................................................................................................................................................................................................
.................=......=......=.........=.=......=......=........................................................................................................................................................................................................................................................
................====....====...====.......=.......====...====...............................x.......^.....^.^.....^......$....................................................x^^x....x^^x.....$..................................................................................................................
............................................................................................======^^=======.=======..=======.............===============================================================....^.........x...^............................................................................
...................................................................................======................................................^^^^^^^^^^^^^^^^^^^^^^^^^^.........^^^......^^^^^^^^^^^^^^^^^^^=====.......^.=====.......................................
..........................................................................x....................................................................^^^.....^^^..............................^^^.....................=====.......................................................
..................................................................x.......======.......................................................................^^^..............................^^^..................................................................................
..................................................................======...............................................................................^^^.............^^^.......^^^..........................................=====x^^x........................f............
............................................................=====...................................x.........x.........x.....x................xx......^^^........=====....======...============..........................................$........................................
......@...............xx.....^^.......^^^......$x..........^=....^^^^^^^^^^^^^^^^.......xxxx======xx=x======xx=x======xx=x========^............===.............^^^............................................................................^^................................................................
=================================================================================================================================================================================================================================================================================================